[autobuy.io/@AyuNovalia_Shop.html]
[backblue.gif]
[fade.gif]
[index.html]
[autobuy.io/favicon.ico]
[autobuy.io/css/site.min5e38.css]
[autobuy.io/js/site.min2871.js]
[autobuy.io/index.html]
[autobuy.io/images/cube.png]
[autobuy.io/Account/Loginf697.html]
[autobuy.io/Account/Registerf697.html]
[autobuy.io/css/StoreFront/Index.minca3d.css]
[autobuy.io/Image/View/f55c2c3a-afd5-47ab-041a-08d9f2352860.jpg]
[autobuy.io/Image/ProfileImg/13c634c8-a7ad-4a79-7aa9-08dad2c3a063.jpg]
[autobuy.io/@AyuNovalia_Shop/Feedback.html]
[autobuy.io/@AyuNovalia_Shop/TicketCreate]
[autobuy.io/@AyuNovalia_Shop/Product/a50c12a8-120e-4e73-c9e6-08d8ea7ddc42.html]
[autobuy.io/Image/Product/75c25ac8-0c38-435e-0424-08d9f2352860.jpg]
[autobuy.io/@AyuNovalia_Shop/Product/0b63bef7-6a63-4204-c9e8-08d8ea7ddc42.html]
[autobuy.io/Image/Product/82463843-3fe3-4be4-0423-08d9f2352860.jpg]
[autobuy.io/js/StoreFront/Index.min3066.js]
[autobuy.io/js/StoreFront/Index.min.js]
[autobuy.io/Terms.html]
[autobuy.io/Privacy.html]
[autobuy.io/Cookies.html]
[autobuy.io/Aup.html]
[autobuy.io/Abuse.html]
[autobuy.io/Image/Profile/index49de.html]
[autobuy.io/Account/Login08c3.html]
[autobuy.io/Account/Login1d1d.html]
[autobuy.io/Account/LogOff.html]
[autobuy.io/cdn-cgi/scripts/7d0fa10a/cloudflare-static/rocket-loader.min.js]
[autobuy.io/@AyuNovalia_Shop.html]
[autobuy.io/cdn-cgi/challenge-platform/h/b/scripts/jsd/ef2c54d7770b/maind41d.js]
[autobuy.io/local/font-awesome/webfonts/fa-brands-400d41d.eot]
[autobuy.io/local/font-awesome/webfonts/fa-brands-400.woff2]
[autobuy.io/local/font-awesome/webfonts/fa-brands-400.woff]
[autobuy.io/local/font-awesome/webfonts/fa-brands-400.ttf]
[autobuy.io/local/font-awesome/webfonts/fa-brands-400.svg]
[autobuy.io/local/font-awesome/webfonts/fa-regular-400d41d.eot]
[autobuy.io/local/font-awesome/webfonts/fa-regular-400.woff2]
[autobuy.io/local/font-awesome/webfonts/fa-regular-400.woff]
[autobuy.io/local/font-awesome/webfonts/fa-regular-400.ttf]
[autobuy.io/local/font-awesome/webfonts/fa-regular-400.svg]
[autobuy.io/local/font-awesome/webfonts/fa-solid-900d41d.eot]
[autobuy.io/local/font-awesome/webfonts/fa-solid-900.woff2]
[autobuy.io/local/font-awesome/webfonts/fa-solid-900.woff]
[autobuy.io/local/font-awesome/webfonts/fa-solid-900.ttf]
[autobuy.io/local/font-awesome/webfonts/fa-solid-900.svg]
[autobuy.io/lib/ionicons/fonts/ionicons15e7.eot]
[autobuy.io/lib/ionicons/fonts/ionicons15e7.woff2]
[autobuy.io/lib/ionicons/fonts/ionicons15e7.woff]
[autobuy.io/lib/ionicons/fonts/ionicons15e7.ttf]
[autobuy.io/lib/ionicons/fonts/ionicons15e7.svg]
[autobuy.io/css/site.min5e38.css]
[ajax.googleapis.com/ajax/libs/jquery/3.5.1/jquery.min.js]
[maxcdn.bootstrapcdn.com/bootstrap/3.4.1/js/bootstrap.min.js]
[stackpath.bootstrapcdn.com/bootstrap/4.3.1/css/bootstrap.min.css]
[autobuy.io/css/index.css]
[autobuy.io/images/homepage/grey cube.png]
[autobuy.io/Account/Register.html]
[autobuy.io/images/homepage/check.svg]
[autobuy.io/images/homepage/shopping.svg]
[autobuy.io/images/homepage/money.png]
[autobuy.io/images/homepage/paypal.png]
[autobuy.io/images/homepage/tawk.png]
[autobuy.io/images/homepage/features.svg]
[autobuy.io/images/homepage/computer.svg]
[autobuy.io/images/homepage/code.png]
[autobuy.io/images/homepage/team.png]
[autobuy.io/images/homepage/licensing.png]
[autobuy.io/images/homepage/customers.svg]
[partners.tawk.to/badges/partner-07.png]
[autobuy.io/Fees.html]
[autobuy.io/index.html]
[autobuy.io/aup-2.html]
[autobuy.io/Account/Login62db.html]
[stackpath.bootstrapcdn.com/bootstrap/4.5.0/css/bootstrap.min.css]
[autobuy.io/Account/Register62db.html]
[stackpath.bootstrapcdn.com/font-awesome/4.7.0/css/font-awesome.min.css]
[cdnjs.cloudflare.com/ajax/libs/animate.css/4.1.0/animate.min.css]
[cdnjs.cloudflare.com/ajax/libs/hamburgers/1.1.3/hamburgers.min.css]
[cdn.jsdelivr.net/npm/select2@4.1.0-beta.1/dist/css/select2.min.css]
[autobuy.io/css/login.css]
[autobuy.io/images/login.png]
[www.google.com/recaptcha/api.js]
[autobuy.io/Account/ForgotPassword.html]
[autobuy.io/Account/Register4407.html]
[code.jquery.com/jquery-3.5.1.slim.min.js]
[cdn.jsdelivr.net/npm/popper.js@1.16.0/dist/umd/popper.min.js]
[stackpath.bootstrapcdn.com/bootstrap/4.5.0/js/bootstrap.min.js]
[autobuy.io/Account/Loginf697.html]
[autobuy.io/js/login.js]
[autobuy.io/Account/Login0f79.html]
[autobuy.io/Account/Register0f79.html]
[autobuy.io/images/registration (2).png]
[autobuy.io/Account/Registerf697.html]
[autobuy.io/css/StoreFront/Index.minca3d.css]
[autobuy.io/Account/Login4407.html]
[autobuy.io/Account/Login1480.html]
[autobuy.io/Account/Register1480.html]
[autobuy.io/Image/Profile/b2a6ef76-5aa9-4243-96df-59b1341af5e8.jpg]
[autobuy.io/@AyuNovalia_Shop/Feedback.html]
[autobuy.io/@AyuNovalia_Shop/TicketCreate.html]
[autobuy.io/Account/Login34ea.html]
[autobuy.io/Account/Register34ea.html]
[cdn.jsdelivr.net/npm/marked@3.0.8/marked.min.js]
[cdn.jsdelivr.net/npm/sanitize-html@1.20.1/dist/sanitize-html.min.js]
[pay.google.com/gp/p/js/pay.js]
[autobuy.io/@AyuNovalia_Shop/Product/a50c12a8-120e-4e73-c9e6-08d8ea7ddc42.html]
[autobuy.io/Account/Loginf005.html]
[autobuy.io/@AyuNovalia_Shop/Product/0b63bef7-6a63-4204-c9e8-08d8ea7ddc42.html]
[autobuy.io/Account/Registerf005.html]
[autobuy.io/Account/Logincf79.html]
[autobuy.io/Terms.html]
[autobuy.io/Account/Registercf79.html]
[autobuy.io/Account/Login7e7b.html]
[autobuy.io/Account/Register7e7b.html]
[autobuy.io/cdn-cgi/l/email-protection]
[autobuy.io/Privacy.html]
[autobuy.io/cdn-cgi/scripts/5c5dd728/cloudflare-static/email-decode.min.js]
[autobuy.io/Account/Login2ac0.html]
[autobuy.io/Cookies.html]
[autobuy.io/Account/Register2ac0.html]
[autobuy.io/Account/Logine9c2.html]
[autobuy.io/Aup.html]
[autobuy.io/Account/Registere9c2.html]
[autobuy.io/Account/Login9c13.html]
[autobuy.io/Abuse.html]
[autobuy.io/Account/Register9c13.html]
[autobuy.io/Account/Login08c3.html]
[autobuy.io/Account/Registerc331.html]
[autobuy.io/Account/Login1d1d.html]
[autobuy.io/Account/Registerc22f.html]
[autobuy.io/Account/Logincbc2.html]
[autobuy.io/Account/LogOff.html]
[autobuy.io/local/font-awesome/webfonts/fa-brands-400.svg]
[autobuy.io/local/font-awesome/webfonts/fa-regular-400.svg]
[autobuy.io/local/font-awesome/webfonts/fa-solid-900.svg]
[autobuy.io/lib/ionicons/fonts/ionicons15e7.html]
[autobuy.io/lib/ionicons/fonts/ionicons15e7-2.html]
[stackpath.bootstrapcdn.com/bootstrap/4.3.1/css/bootstrap.min.css]
[autobuy.io/css/index.css]
[autobuy.io/Account/Registercbc2.html]
[autobuy.io/Account/Register.html]
[autobuy.io/images/homepage/check.svg]
[autobuy.io/images/homepage/shopping.svg]
[autobuy.io/images/homepage/features.svg]
[autobuy.io/images/homepage/computer.svg]
[autobuy.io/images/homepage/customers.svg]
[autobuy.io/Account/Login.html]
[autobuy.io/Account/Login6217.html]
[autobuy.io/Fees.html]
[autobuy.io/Account/Register6217.html]
[autobuy.io/Account/Login0c59.html]
[autobuy.io/aup-2.html]
[autobuy.io/Account/Register0c59.html]
[autobuy.io/Account/Login62db.html]
[autobuy.io/Account/Register6325.html]
[autobuy.io/Account/Register62db.html]
[stackpath.bootstrapcdn.com/bootstrap/4.5.0/css/bootstrap.min.css]
[stackpath.bootstrapcdn.com/font-awesome/4.7.0/css/font-awesome.min.css]
[cdnjs.cloudflare.com/ajax/libs/animate.css/4.1.0/animate.min.css]
[cdnjs.cloudflare.com/ajax/libs/hamburgers/1.1.3/hamburgers.min.css]
[cdn.jsdelivr.net/npm/select2@4.1.0-beta.1/dist/css/select2.min.css]
[autobuy.io/css/login.css]
[autobuy.io/Account/Login6325.html]
[autobuy.io/Account/Loginf85d.html]
[autobuy.io/Account/Registerf85d.html]
[autobuy.io/Account/ForgotPassword.html]
[autobuy.io/Account/Register4407.html]
[autobuy.io/images/forgot.svg]
[autobuy.io/Account/Login0f79.html]
[autobuy.io/Account/Register5ba7.html]
[autobuy.io/Account/Register0f79.html]
[autobuy.io/Account/Login4407.html]
[autobuy.io/Account/Login5ba7.html]
[autobuy.io/Account/Login1480.html]
[autobuy.io/Account/Register2e33.html]
[autobuy.io/Account/Register1480.html]
[autobuy.io/Account/Login2e33.html]
[autobuy.io/Account/Login34ea.html]
[autobuy.io/Account/Register4244.html]
[autobuy.io/Account/Register34ea.html]
[autobuy.io/Account/Login4244.html]
[autobuy.io/Account/Loginf005.html]
[autobuy.io/Account/Register6dac.html]
[autobuy.io/Account/Registerf005.html]
[autobuy.io/Account/Login6dac.html]
[autobuy.io/Account/Logincf79.html]
[autobuy.io/Account/Registera7f5.html]
[autobuy.io/Account/Registercf79.html]
[autobuy.io/Account/Logina7f5.html]
[autobuy.io/Account/Login7e7b.html]
[autobuy.io/Account/Register93cf.html]
[autobuy.io/Account/Register7e7b.html]
[autobuy.io/cdn-cgi/l/email-protection.html]
[autobuy.io/Account/Login93cf.html]
[autobuy.io/Account/Login2ac0.html]
[autobuy.io/Account/Register04b1.html]
[autobuy.io/Account/Register2ac0.html]
[autobuy.io/Account/Login04b1.html]
[autobuy.io/Account/Logine9c2.html]
[autobuy.io/Account/Register5e47.html]
[autobuy.io/Account/Registere9c2.html]
[autobuy.io/Account/Login5e47.html]
[autobuy.io/Account/Login9c13.html]
[autobuy.io/Account/Register4d6d.html]
[autobuy.io/Account/Register9c13.html]
[autobuy.io/Account/Login4d6d.html]
[autobuy.io/Account/Registerc331.html]
[autobuy.io/Account/Loginc331.html]
[autobuy.io/Account/Registerc22f.html]
[autobuy.io/Account/Loginc22f.html]
[autobuy.io/Account/Logincbc2.html]
[autobuy.io/Account/Register0b08.html]
[autobuy.io/Account/Registercbc2.html]
[autobuy.io/Account/Login.html]
[autobuy.io/Account/Login0b08.html]
[autobuy.io/Account/Login6217.html]
[autobuy.io/Account/Register8258.html]
[autobuy.io/Account/Register6217.html]
[autobuy.io/Account/Login8258.html]
[autobuy.io/Account/Login0c59.html]
[autobuy.io/Account/Register0c10.html]
[autobuy.io/Account/Register0c59.html]
[autobuy.io/Account/Register6325.html]
[autobuy.io/Account/Login6325.html]
[autobuy.io/Account/Login0c10.html]
[autobuy.io/Account/Loginf85d.html]
[autobuy.io/Account/Register2e3b.html]
[autobuy.io/Account/Registerf85d.html]
[autobuy.io/images/forgot.svg]
[autobuy.io/Account/Register5ba7.html]
[autobuy.io/Account/Login5ba7.html]
[autobuy.io/Account/Register2e33.html]
[autobuy.io/Account/Login2e33.html]
[autobuy.io/Account/Register4244.html]
[autobuy.io/Account/Login4244.html]
[autobuy.io/Account/Register6dac.html]
[autobuy.io/Account/Login6dac.html]
[autobuy.io/Account/Registera7f5.html]
[autobuy.io/Account/Logina7f5.html]
[autobuy.io/Account/Register93cf.html]
[autobuy.io/Account/Login93cf.html]
[autobuy.io/Account/Register04b1.html]
[autobuy.io/Account/Login04b1.html]
[autobuy.io/Account/Register5e47.html]
[autobuy.io/Account/Login5e47.html]
[autobuy.io/Account/Register4d6d.html]
[autobuy.io/Account/Login4d6d.html]
[autobuy.io/Account/Loginc331.html]
[autobuy.io/Account/Loginc22f.html]
[autobuy.io/Account/Register0b08.html]
[autobuy.io/Account/Login0b08.html]
[autobuy.io/Account/Register8258.html]
[autobuy.io/Account/Login8258.html]
[autobuy.io/Account/Register0c10.html]
[autobuy.io/Account/Login0c10.html]
[autobuy.io/Account/Register2e3b.html]
[autobuy.io/Account/Login2e3b.html]
[autobuy.io/Account/Login2e3b.html]
